#-----------------------------------------------------------
# Vivado v2018.3 (64-bit)
# SW Build 2405991 on Thu Dec  6 23:36:41 MST 2018
# IP Build 2404404 on Fri Dec  7 01:43:56 MST 2018
# Start of session at: Sat Dec 29 17:49:38 2018
# Process ID: 13097
# Current directory: /home/niklas/dev/uni/ABP/git/Vivado/FFT
# Command line: vivado FFT.xpr
# Log file: /home/niklas/dev/uni/ABP/git/Vivado/FFT/vivado.log
# Journal file: /home/niklas/dev/uni/ABP/git/Vivado/FFT/vivado.jou
#-----------------------------------------------------------
start_gui
open_project FFT.xpr
launch_simulation
source testbench_eFunctionRom.tcl
relaunch_sim
set_property is_enabled true [get_files  /home/niklas/dev/uni/ABP/git/Vivado/FFT/FFT.srcs/sim_1/new/testbench_DFTStage.sv]
set_property is_enabled false [get_files  /home/niklas/dev/uni/ABP/git/Vivado/FFT/FFT.srcs/sim_1/new/testbench_eFunctionRom.sv]
# Disabling source management mode.  This is to allow the top design properties to be set without GUI intervention.
set_property source_mgmt_mode None [current_project]
set_property top testbench_DFTStage [get_filesets sim_1]
# Re-enabling previously disabled source management mode.
set_property source_mgmt_mode DisplayOnly [current_project]
close_sim
launch_simulation
source testbench_DFTStage.tcl
relaunch_sim
open_wave_config {/home/niklas/dev/uni/ABP/git/Vivado/FFT/testbench_DFTStage_behav.wcfg}
relaunch_sim
save_wave_config {/home/niklas/dev/uni/ABP/git/Vivado/FFT/testbench_DFTStage_behav.wcfg}
relaunch_sim
relaunch_sim
relaunch_sim
relaunch_sim
relaunch_sim
relaunch_sim
relaunch_sim
save_wave_config {/home/niklas/dev/uni/ABP/git/Vivado/FFT/testbench_DFTStage_behav.wcfg}
close_sim
